
> rest-express@1.0.0 check
> tsc

client/src/components/EditProfileModal.tsx(41,31): error TS2339: Property 'interests' does not exist on type '({ id: number; username: string; displayName: string | null; email: string; password: string; role: string; emailVerified: boolean; verificationToken: string | null; verificationTokenExpiry: Date | null; ... 19 more ...; createdAt: Date; } & { ...; }) | { ...; }'.
  Property 'interests' does not exist on type '{ id: number; username: string; displayName: string; avatar: string; level: string; points: number; bio: string; location: string; publicActivityId: string; hasFollowed: boolean; email: string; notificationSettings: { ...; }; privacySettings: { ...; }; isPrivate: boolean; }'.
client/src/components/StoryRail.tsx(19,44): error TS2345: Argument of type '({ id: number; createdAt: Date; userId: number; media: MediaItem[]; caption: string | null; } & { user: { id: number; username: string; displayName: string | null; email: string; ... 24 more ...; createdAt: Date; }; }) | { ...; }' is not assignable to parameter of type '{ id: number; createdAt: Date; userId: number; media: MediaItem[]; caption: string | null; } & { user: { id: number; username: string; displayName: string | null; email: string; ... 24 more ...; createdAt: Date; }; } & { ...; }'.
  Type '{ id: number; createdAt: Date; userId: number; media: MediaItem[]; caption: string | null; } & { user: { id: number; username: string; displayName: string | null; email: string; ... 24 more ...; createdAt: Date; }; }' is not assignable to type '{ id: number; createdAt: Date; userId: number; media: MediaItem[]; caption: string | null; } & { user: { id: number; username: string; displayName: string | null; email: string; ... 24 more ...; createdAt: Date; }; } & { ...; }'.
    Property 'imageUrl' is missing in type '{ id: number; createdAt: Date; userId: number; media: MediaItem[]; caption: string | null; } & { user: { id: number; username: string; displayName: string | null; email: string; ... 24 more ...; createdAt: Date; }; }' but required in type '{ id: number; userId: number; user: { id: number; username: string; displayName: string; avatar: string; level: string; points: number; bio: string; location: string; publicActivityId: string; hasFollowed: boolean; email: string; notificationSettings: { ...; }; privacySettings: { ...; }; isPrivate: boolean; }; image...'.
client/src/context/BusinessContext.tsx(32,36): error TS2339: Property 'business' does not exist on type '{}'.
client/src/pages/Home.tsx(82,27): error TS2322: Type '({ id: number; createdAt: Date; userId: number; tags: string[]; placeId: number | null; media: MediaItem[]; caption: string | null; likesCount: number; commentsCount: number; imageHash: string | null; checkedInAt: Date | null; pointsAwarded: number; isWithinTimeWindow: boolean; } & { ...; }) | { ...; }' is not assignable to type '{ id: number; createdAt: Date; userId: number; tags: string[]; placeId: number | null; media: MediaItem[]; caption: string | null; likesCount: number; commentsCount: number; imageHash: string | null; checkedInAt: Date | null; pointsAwarded: number; isWithinTimeWindow: boolean; } & { ...; }'.
  Type '{ id: number; userId: number; user: { id: number; username: string; displayName: string; avatar: string; level: string; points: number; bio: string; location: string; publicActivityId: string; hasFollowed: boolean; email: string; notificationSettings: { ...; }; privacySettings: { ...; }; isPrivate: boolean; }; ... 6...' is not assignable to type '{ id: number; createdAt: Date; userId: number; tags: string[]; placeId: number | null; media: MediaItem[]; caption: string | null; likesCount: number; commentsCount: number; imageHash: string | null; checkedInAt: Date | null; pointsAwarded: number; isWithinTimeWindow: boolean; } & { ...; }'.
    Type '{ id: number; userId: number; user: { id: number; username: string; displayName: string; avatar: string; level: string; points: number; bio: string; location: string; publicActivityId: string; hasFollowed: boolean; email: string; notificationSettings: { ...; }; privacySettings: { ...; }; isPrivate: boolean; }; ... 6...' is missing the following properties from type '{ id: number; createdAt: Date; userId: number; tags: string[]; placeId: number | null; media: MediaItem[]; caption: string | null; likesCount: number; commentsCount: number; imageHash: string | null; checkedInAt: Date | null; pointsAwarded: number; isWithinTimeWindow: boolean; }': tags, placeId, media, likesCount, and 5 more.
client/src/pages/Profile.tsx(160,37): error TS2322: Type '({ id: number; createdAt: Date; userId: number; tags: string[]; placeId: number | null; media: MediaItem[]; caption: string | null; likesCount: number; commentsCount: number; imageHash: string | null; checkedInAt: Date | null; pointsAwarded: number; isWithinTimeWindow: boolean; } & { ...; }) | { ...; }' is not assignable to type '{ id: number; createdAt: Date; userId: number; tags: string[]; placeId: number | null; media: MediaItem[]; caption: string | null; likesCount: number; commentsCount: number; imageHash: string | null; checkedInAt: Date | null; pointsAwarded: number; isWithinTimeWindow: boolean; } & { ...; }'.
  Type '{ id: number; userId: number; user: { id: number; username: string; displayName: string; avatar: string; level: string; points: number; bio: string; location: string; publicActivityId: string; hasFollowed: boolean; email: string; notificationSettings: { ...; }; privacySettings: { ...; }; isPrivate: boolean; }; ... 6...' is not assignable to type '{ id: number; createdAt: Date; userId: number; tags: string[]; placeId: number | null; media: MediaItem[]; caption: string | null; likesCount: number; commentsCount: number; imageHash: string | null; checkedInAt: Date | null; pointsAwarded: number; isWithinTimeWindow: boolean; } & { ...; }'.
    Type '{ id: number; userId: number; user: { id: number; username: string; displayName: string; avatar: string; level: string; points: number; bio: string; location: string; publicActivityId: string; hasFollowed: boolean; email: string; notificationSettings: { ...; }; privacySettings: { ...; }; isPrivate: boolean; }; ... 6...' is missing the following properties from type '{ id: number; createdAt: Date; userId: number; tags: string[]; placeId: number | null; media: MediaItem[]; caption: string | null; likesCount: number; commentsCount: number; imageHash: string | null; checkedInAt: Date | null; pointsAwarded: number; isWithinTimeWindow: boolean; }': tags, placeId, media, likesCount, and 5 more.
client/src/pages/SurveysTasks.tsx(89,24): error TS18046: 'survey.questions' is of type 'unknown'.
client/src/pages/SurveysTasks.tsx(149,63): error TS18046: 'survey.questions' is of type 'unknown'.
client/src/pages/SurveysTasks.tsx(187,59): error TS2339: Property 'title' does not exist on type '({ id: number; points: number; active: boolean; description: string; placeId: number | null; title: string; startDate: Date | null; endDate: Date | null; type: string; maxParticipants: number | null; verificationMethod: string; } & { ...; }) | { ...; }'.
  Property 'title' does not exist on type '{ id: number; description: string; points: number; completed: boolean; }'.
server/routes.ts(36,35): error TS2339: Property 'getPointsHistory' does not exist on type 'DatabaseStorage'.
server/routes.ts(42,35): error TS2339: Property 'getRedemptionHistory' does not exist on type 'DatabaseStorage'.
server/storage.ts(3,25): error TS2300: Duplicate identifier 'comments'.
server/storage.ts(5,36): error TS2300: Duplicate identifier 'fraudFlags'.
server/storage.ts(11,3): error TS2300: Duplicate identifier 'comments'.
server/storage.ts(11,13): error TS2300: Duplicate identifier 'fraudFlags'.
server/storage.ts(479,7): error TS2741: Property 'limit' is missing in type 'Omit<import("C:/Users/User/Downloads/Kilo-Master-Trendle/node_modules/drizzle-orm/pg-core/query-builders/select").PgSelectBase<"system_logs", { id: import("C:/Users/User/Downloads/Kilo-Master-Trendle/node_modules/drizzle-orm/pg-core/columns/common").PgColumn<{ name: "id"; tableName: "system_logs"; dataType: "number"...' but required in type 'Omit<import("C:/Users/User/Downloads/Kilo-Master-Trendle/node_modules/drizzle-orm/pg-core/query-builders/select").PgSelectBase<"system_logs", { id: import("C:/Users/User/Downloads/Kilo-Master-Trendle/node_modules/drizzle-orm/pg-core/columns/common").PgColumn<{ name: "id"; tableName: "system_logs"; dataType: "number"...'.
