node_modules/@types/node/globals.d.ts(173,1): error TS1434: Unexpected keyword or identifier.
